
2026-09-05T05:47:06.014149+00:00 $ npm ci --no-fund --no-audit
npm warn Unknown env config "http-proxy". This will stop working in the next major version of npm.

added 70 packages in 4s

2026-09-05T05:47:10.670471+00:00 $ npm run typecheck
npm warn Unknown env config "http-proxy". This will stop working in the next major version of npm.

> machishift@0.1.0 typecheck
> tsc --noEmit


2026-09-05T05:47:15.612018+00:00 $ npm test -- --reporter=default --reporter=json --outputFile=docs/evidence/final-unit-results-20260905.json
npm warn Unknown env config "http-proxy". This will stop working in the next major version of npm.

> machishift@0.1.0 test
> vitest run --reporter=default --reporter=json --outputFile=docs/evidence/final-unit-results-20260905.json


 RUN  v3.2.4 /workspace/scratch/356b13d53f40/MachiShift

 ✓ tests/input.test.ts (1 test) 6ms
stderr | tests/race.test.ts
using deprecated parameters for the initialization function; pass a single object instead

stderr | tests/real-stage.test.ts
using deprecated parameters for the initialization function; pass a single object instead

stderr | tests/environment.test.ts
using deprecated parameters for the initialization function; pass a single object instead

stdout | tests/race.test.ts > actual Rapier vehicle integration (GAME-04, GAME-06, GAME-10, AT-06, AT-09) > a real centerline barrier causes a physical detour; destruction opens a measurably shorter AI line
SYNTHETIC_SHORTCUT_PHYSICS [{"opened":false,"metres":75.5369655894244,"seconds":4.716666666666655,"recoveries":0,"maxLateral":7.430426597595215},{"opened":true,"metres":74.37243343732843,"seconds":4.216666666666657,"recoveries":0,"maxLateral":1.9115550518035889}]

stdout | tests/race.test.ts > actual Rapier vehicle integration (GAME-04, GAME-06, GAME-10, AT-06, AT-09) > six colliding karts can physically pass an intact centerline gate as a group
SYNTHETIC_GROUP_GATE [{"id":0,"recoveries":1,"gates":1},{"id":1,"recoveries":1,"gates":0},{"id":2,"recoveries":1,"gates":0},{"id":3,"recoveries":1,"gates":0},{"id":4,"recoveries":1,"gates":0},{"id":5,"recoveries":1,"gates":0}]

stdout | tests/environment.test.ts > Environment: actual Three surfaces and Rapier bodies > DEST-02/PAINT-05/AT-08 actual PLATEAU bench: original source triangles remain, a painted source polygon moves and truly unloads/reloads
SOURCE_BENCH_PHYSICS {"sourceObject":"plateau:frn_66fe84a0-eabc-4da0-8fe6-3d9cab18e19f","surfaceId":"frn_66fe84a0-eabc-4da0-8fe6-3d9cab18e19f:poly-e1d1ed44-6c96-45bb-8154-e855498245ee","retainedSourceIndices":468,"movedMetres":1.855773449806554,"simulationSeconds":0.25,"colliderCountBeforeUnload":3,"colliderCountAfterReload":3,"paintWorldPoint":[-191.91137069541904,12.666297978543728,38.090494015218766],"restoredPaintWorldPoint":[-191.9113706954191,12.666297978543705,38.09049401521879],"collisionApproximation":"initial_exact_triangles; detached_convex_hull_with_0.04m_outward_gameplay_skin","rendered":false,"scripted":true}

stdout | tests/environment.test.ts > Environment: actual Three surfaces and Rapier bodies > DEST-03 actual chosen PLATEAU WallSurface: original source facade and paint detach while the unselected building structure stays fixed
SOURCE_FACADE_PHYSICS {"sourceObject":"plateau:bldg_a5d365f3-2b5b-4395-b75e-056f3e72c6ce","surfaceId":"bldg_a5d365f3-2b5b-4395-b75e-056f3e72c6ce:poly-118b0ca6-80e5-43c5-889f-35bef87fdb6a","sourceSemantic":"WallSurface","originalIndices":84,"detachableIndices":6,"retainedIndices":78,"movedMetres":0.7246456457277571,"simulationSeconds":0.5,"retainedColliderStillValid":true,"collisionApproximation":"initial_exact_triangles; detached_convex_hull_with_0.04m_outward_gameplay_skin","rendered":false,"scripted":true}

 ✓ tests/environment.test.ts (15 tests) 1305ms
   ✓ Environment: actual Three surfaces and Rapier bodies > DEST-02/PAINT-05/AT-08 actual PLATEAU bench: original source triangles remain, a painted source polygon moves and truly unloads/reloads  499ms
stdout | tests/race.test.ts > actual Rapier vehicle integration (GAME-04, GAME-06, GAME-10, AT-06, AT-09) > all six physical vehicles complete three laps on a synthetic oval without progress edits
SYNTHETIC_OVAL_PHYSICS {"routeMetres":471.98504191898246,"seconds":72.91666666666382,"vehicles":[{"id":0,"finished":true,"finishTime":71.24999999999724,"metres":1470.867916992881,"recoveries":0,"gates":72},{"id":1,"finished":true,"finishTime":70.51666666666395,"metres":1501.452004162425,"recoveries":0,"gates":72},{"id":2,"finished":true,"finishTime":72.91666666666382,"metres":1474.9775758057247,"recoveries":0,"gates":72},{"id":3,"finished":true,"finishTime":70.64999999999728,"metres":1477.0402879945643,"recoveries":0,"gates":72},{"id":4,"finished":true,"finishTime":70.9333333333306,"metres":1428.9464272138273,"recoveries":0,"gates":72},{"id":5,"finished":true,"finishTime":70.7833333333306,"metres":1454.675878718341,"recoveries":0,"gates":72}]}

 ✓ tests/race.test.ts (11 tests) 2839ms
   ✓ actual Rapier vehicle integration (GAME-04, GAME-06, GAME-10, AT-06, AT-09) > six colliding karts can physically pass an intact centerline gate as a group  367ms
   ✓ actual Rapier vehicle integration (GAME-04, GAME-06, GAME-10, AT-06, AT-09) > all six physical vehicles complete three laps on a synthetic oval without progress edits  1758ms
stdout | tests/real-stage.test.ts > AT-09 integration: all six physical vehicles complete the actual PLATEAU course before and after destruction
REAL_STAGE_PHYSICS {"scenario":"baseline","testedAt":"2026-09-05T05:48:02.533Z","stageSha256":"f7245ce7260f5d98f49373877080fbb3b221ff898247c9868ea4a9b4abde1c76","routeStatus":"game_racing_line_on_source_lod3_roads_not_survey_verified","routeMetres":1388.2023040929002,"coursePoints":378,"seconds":286.216666666735,"executionSeconds":38.380368174,"objectCount":4557,"explosionFragments":0,"shortcutSection":{"seconds":7.3833333333335744,"metres":127.82880822768911,"recoveries":1},"scriptedInput":true,"rendered":false,"realHardwarePerformanceClaim":false,"vehicles":[{"id":0,"finished":true,"finishTime":215.08333333339664,"rank":5,"lap":3,"checkpoint":1,"metres":5803.431863669009,"metresAtFinish":4360.26137723563,"recoveries":4,"recoveriesAtFinish":4,"rejectedTeleports":0,"gates":1134,"position":{"x":-238.3147735595703,"y":10.97212028503418,"z":-13.907266616821289}},{"id":1,"finished":true,"finishTime":213.08333333339505,"rank":4,"lap":3,"checkpoint":1,"metres":5851.083398892845,"metresAtFinish":4353.2409485416765,"recoveries":5,"recoveriesAtFinish":4,"rejectedTeleports":0,"gates":1134,"position":{"x":-237.67356872558594,"y":10.967126846313477,"z":-11.692212104797363}},{"id":2,"finished":true,"finishTime":208.51666666672475,"rank":2,"lap":3,"checkpoint":1,"metres":5985.077896112323,"metresAtFinish":4331.175822065353,"recoveries":3,"recoveriesAtFinish":3,"rejectedTeleports":0,"gates":1134,"position":{"x":-244.0031280517578,"y":11.539628028869629,"z":-228.1382598876953}},{"id":3,"finished":true,"finishTime":286.216666666735,"rank":6,"lap":3,"checkpoint":1,"metres":4722.251655664239,"metresAtFinish":4722.251655664239,"recoveries":18,"recoveriesAtFinish":18,"rejectedTeleports":0,"gates":1134,"position":{"x":-208.35440063476562,"y":10.96763801574707,"z":-4.696383953094482}},{"id":4,"finished":true,"finishTime":210.81666666672658,"rank":3,"lap":3,"checkpoint":1,"metres":5947.052201201151,"metresAtFinish":4340.798907750238,"recoveries":3,"recoveriesAtFinish":3,"rejectedTeleports":0,"gates":1134,"position":{"x":-250.0477294921875,"y":11.313331604003906,"z":-172.96722412109375}},{"id":5,"finished":true,"finishTime":198.13333333338315,"rank":1,"lap":3,"checkpoint":1,"metres":6116.706782066449,"metresAtFinish":4215.987644067583,"recoveries":0,"recoveriesAtFinish":0,"rejectedTeleports":0,"gates":1134,"position":{"x":-236.18582153320312,"y":13.010799407958984,"z":-473.7769470214844}}]}

stdout | tests/real-stage.test.ts > AT-09 integration: all six physical vehicles complete the actual PLATEAU course before and after destruction
REAL_STAGE_PHYSICS {"scenario":"destroyed-fences","testedAt":"2026-09-05T05:48:29.807Z","stageSha256":"f7245ce7260f5d98f49373877080fbb3b221ff898247c9868ea4a9b4abde1c76","routeStatus":"game_racing_line_on_source_lod3_roads_not_survey_verified","routeMetres":1388.2023040929002,"coursePoints":378,"seconds":206.4666666667231,"executionSeconds":27.053479560000007,"objectCount":4557,"explosionFragments":27,"shortcutSection":{"seconds":3.700000000000049,"metres":86.3691234752692,"recoveries":0},"scriptedInput":true,"rendered":false,"realHardwarePerformanceClaim":false,"vehicles":[{"id":0,"finished":true,"finishTime":194.0166666667132,"rank":1,"lap":3,"checkpoint":1,"metres":4488.358302345759,"metresAtFinish":4220.307009275349,"recoveries":0,"recoveriesAtFinish":0,"rejectedTeleports":0,"gates":1134,"position":{"x":-245.69764709472656,"y":11.627070426940918,"z":-244.4291534423828}},{"id":1,"finished":true,"finishTime":198.35000000005,"rank":5,"lap":3,"checkpoint":1,"metres":4441.963830576411,"metresAtFinish":4273.682276490268,"recoveries":1,"recoveriesAtFinish":1,"rejectedTeleports":0,"gates":1134,"position":{"x":-247.70718383789062,"y":11.246047973632812,"z":-143.734130859375}},{"id":2,"finished":true,"finishTime":206.4666666667231,"rank":6,"lap":3,"checkpoint":1,"metres":4282.971161612214,"metresAtFinish":4282.971161612214,"recoveries":2,"recoveriesAtFinish":2,"rejectedTeleports":0,"gates":1134,"position":{"x":-207.9044952392578,"y":10.966623306274414,"z":-6.444875717163086}},{"id":3,"finished":true,"finishTime":195.61666666671448,"rank":4,"lap":3,"checkpoint":1,"metres":4448.120610941887,"metresAtFinish":4228.041690267768,"recoveries":0,"recoveriesAtFinish":0,"rejectedTeleports":0,"gates":1134,"position":{"x":-246.44515991210938,"y":11.382250785827637,"z":-197.15443420410156}},{"id":4,"finished":true,"finishTime":194.63333333338036,"rank":3,"lap":3,"checkpoint":1,"metres":4419.531747604994,"metresAtFinish":4171.174637352975,"recoveries":0,"recoveriesAtFinish":0,"rejectedTeleports":0,"gates":1134,"position":{"x":-243.73291015625,"y":11.54308795928955,"z":-229.13705444335938}},{"id":5,"finished":true,"finishTime":194.45000000004688,"rank":2,"lap":3,"checkpoint":1,"metres":4455.206114947981,"metresAtFinish":4196.907511326662,"recoveries":0,"recoveriesAtFinish":0,"rejectedTeleports":0,"gates":1134,"position":{"x":-246.51417541503906,"y":11.52553653717041,"z":-236.61239624023438}}]}

stdout | tests/real-stage.test.ts > DEST-07 integration: opening the actual source-road center gate shortens the physical driven segment
REAL_SHORTCUT_PHYSICS {"stageSha256":"f7245ce7260f5d98f49373877080fbb3b221ff898247c9868ea4a9b4abde1c76","scriptedInput":true,"rendered":false,"sectionRouteMetres":[70,155],"trials":[{"opened":false,"metres":87.4313677601403,"seconds":4.216666666666876,"recoveries":0},{"opened":true,"metres":84.90975876371807,"seconds":3.6833333333335165,"recoveries":0}]}

stdout | tests/real-stage.test.ts > actual source first 200 metres remain traversable for all six cars with intact barriers
REAL_FIRST_200M [{"id":0,"checkpoint":79,"recoveries":1,"at":{"x":-245.9676513671875,"y":11.772772789001465,"z":-271.356201171875},"input":{"throttle":1,"brake":0,"steer":-0.21504440105082276,"drift":false,"recover":false}},{"id":1,"checkpoint":81,"recoveries":1,"at":{"x":-243.23312377929688,"y":11.815300941467285,"z":-279.0799865722656},"input":{"throttle":1,"brake":0,"steer":0.16397649896763616,"drift":false,"recover":false}},{"id":2,"checkpoint":84,"recoveries":1,"at":{"x":-244.2758331298828,"y":11.886675834655762,"z":-292.40301513671875},"input":{"throttle":1,"brake":0,"steer":-0.22816532017654215,"drift":false,"recover":false}},{"id":3,"checkpoint":74,"recoveries":1,"at":{"x":-243.9137725830078,"y":11.674054145812988,"z":-253.10865783691406},"input":{"throttle":1,"brake":0,"steer":0.12073414564894289,"drift":false,"recover":false}},{"id":4,"checkpoint":56,"recoveries":2,"at":{"x":-244.92413330078125,"y":11.330924987792969,"z":-181.5240936279297},"input":{"throttle":1,"brake":0,"steer":0.09661975072521975,"drift":false,"recover":false}},{"id":5,"checkpoint":86,"recoveries":0,"at":{"x":-242.19198608398438,"y":11.928811073303223,"z":-299.94342041015625},"input":{"throttle":1,"brake":0,"steer":0.05779785924586527,"drift":false,"recover":false}}]

 ✓ tests/real-stage.test.ts (3 tests) 81141ms
   ✓ AT-09 integration: all six physical vehicles complete the actual PLATEAU course before and after destruction  70839ms
   ✓ DEST-07 integration: opening the actual source-road center gate shortens the physical driven segment  5134ms
   ✓ actual source first 200 metres remain traversable for all six cars with intact barriers  5045ms

 Test Files  4 passed (4)
      Tests  30 passed (30)
   Start at  14:47:16
   Duration  83.20s (transform 1.19s, setup 0ms, collect 2.58s, tests 85.29s, environment 1ms, prepare 1.04s)

JSON report written to /workspace/scratch/356b13d53f40/MachiShift/docs/evidence/final-unit-results-20260905.json

2026-09-05T05:48:40.772860+00:00 $ npm run build
npm warn Unknown env config "http-proxy". This will stop working in the next major version of npm.

> machishift@0.1.0 build
> tsc --noEmit && vite build && node scripts/copy-runtime-assets.mjs

vite v7.1.7 building for production...
transforming...
✓ 12 modules transformed.
rendering chunks...
computing gzip size...
dist/index.html                      0.79 kB │ gzip:   0.47 kB
dist/assets/index-CuZ_3Fit.css      10.89 kB │ gzip:   3.19 kB
dist/assets/index-Drk9gWNP.js       74.27 kB │ gzip:  27.88 kB │ map:   225.55 kB
dist/assets/three-Bc5Z_Hu6.js      487.04 kB │ gzip: 122.77 kB │ map: 2,695.78 kB
dist/assets/physics-CKC5f6tm.js  2,235.50 kB │ gzip: 829.91 kB │ map: 2,392.25 kB

(!) Some chunks are larger than 500 kB after minification. Consider:
- Using dynamic import() to code-split the application
- Use build.rollupOptions.output.manualChunks to improve chunking: https://rollupjs.org/configuration-options/#output-manualchunks
- Adjust chunk size limit for this warning via build.chunkSizeWarningLimit.
✓ built in 4.51s
Copied 54 verified-path runtime assets; conversion intermediates excluded.

2026-09-05T05:48:51.137256+00:00 $ npx playwright test --list
npm warn Unknown env config "http-proxy". This will stop working in the next major version of npm.
Listing tests:
  [chromium-software-functionality] › game.spec.ts:42:1 › real stage: controls, keyboard driving, real throw, tutorial, 6-car 3-lap race, results and reset
  [chromium-software-functionality] › game.spec.ts:210:1 › real chunk network failure displays retry and reload recovers
Total: 2 tests in 1 file

2026-09-05T05:48:54.420199+00:00 $ git diff --check
